// Jest Snapshot v1, https://goo.gl/fbAQLP

exports[`Calendar Utils generateDaysInMonthArray 1`] = `
Array [
  Array [
    2020-02-01T11:30:00.000Z,
    2020-02-02T11:30:00.000Z,
    2020-02-03T11:30:00.000Z,
    2020-02-04T11:30:00.000Z,
    2020-02-05T11:30:00.000Z,
    2020-02-06T11:30:00.000Z,
    2020-02-07T11:30:00.000Z,
  ],
  Array [
    2020-02-08T11:30:00.000Z,
    2020-02-09T11:30:00.000Z,
    2020-02-10T11:30:00.000Z,
    2020-02-11T11:30:00.000Z,
    2020-02-12T11:30:00.000Z,
    2020-02-13T11:30:00.000Z,
    2020-02-14T11:30:00.000Z,
  ],
  Array [
    2020-02-15T11:30:00.000Z,
    2020-02-16T11:30:00.000Z,
    2020-02-17T11:30:00.000Z,
    2020-02-18T11:30:00.000Z,
    2020-02-19T11:30:00.000Z,
    2020-02-20T11:30:00.000Z,
    2020-02-21T11:30:00.000Z,
  ],
  Array [
    2020-02-22T11:30:00.000Z,
    2020-02-23T11:30:00.000Z,
    2020-02-24T11:30:00.000Z,
    2020-02-25T11:30:00.000Z,
    2020-02-26T11:30:00.000Z,
    2020-02-27T11:30:00.000Z,
    2020-02-28T11:30:00.000Z,
  ],
  Array [
    2020-02-29T11:30:00.000Z,
    2020-03-01T11:30:00.000Z,
    2020-03-02T11:30:00.000Z,
    2020-03-03T11:30:00.000Z,
    2020-03-04T11:30:00.000Z,
    2020-03-05T11:30:00.000Z,
    2020-03-06T11:30:00.000Z,
  ],
  Array [
    2020-03-07T11:30:00.000Z,
    2020-03-08T11:30:00.000Z,
    2020-03-09T11:30:00.000Z,
    2020-03-10T11:30:00.000Z,
    2020-03-11T11:30:00.000Z,
    2020-03-12T11:30:00.000Z,
    2020-03-13T11:30:00.000Z,
  ],
  Array [
    2020-03-14T11:30:00.000Z,
    2020-03-15T11:30:00.000Z,
    2020-03-16T11:30:00.000Z,
    2020-03-17T11:30:00.000Z,
    2020-03-18T11:30:00.000Z,
    2020-03-19T11:30:00.000Z,
    2020-03-20T11:30:00.000Z,
  ],
]
`;

exports[`Calendar Utils useWeekDays 1`] = `
Array [
  Object {
    "abbr": "Sun",
    "title": "Sunday",
  },
  Object {
    "abbr": "Mon",
    "title": "Monday",
  },
  Object {
    "abbr": "Tue",
    "title": "Tuesday",
  },
  Object {
    "abbr": "Wed",
    "title": "Wednesday",
  },
  Object {
    "abbr": "Thu",
    "title": "Thursday",
  },
  Object {
    "abbr": "Fri",
    "title": "Friday",
  },
  Object {
    "abbr": "Sat",
    "title": "Saturday",
  },
]
`;

exports[`Calendar Utils useWeekDays 2`] = `
Array [
  Object {
    "abbr": "Tue",
    "title": "Tuesday",
  },
  Object {
    "abbr": "Wed",
    "title": "Wednesday",
  },
  Object {
    "abbr": "Thu",
    "title": "Thursday",
  },
  Object {
    "abbr": "Fri",
    "title": "Friday",
  },
  Object {
    "abbr": "Sat",
    "title": "Saturday",
  },
  Object {
    "abbr": "Sun",
    "title": "Sunday",
  },
  Object {
    "abbr": "Mon",
    "title": "Monday",
  },
]
`;
