// Jest Snapshot v1, https://goo.gl/fbAQLP

exports[`Select should render correctly 1`] = `
<body>
  <div>
    <button
      aria-controls="select"
      aria-expanded="false"
      aria-haspopup="listbox"
      aria-label="Fruit"
      class="select"
      type="button"
    >
      Select a fruit
    </button>
    <div
      aria-activedescendant="select-apple"
      aria-label="Fruits"
      data-dialog="true"
      data-testid="testid-popover"
      hidden=""
      id="select"
      role="listbox"
      style="display: none; position: fixed; left: 100%; top: 100%;"
      tabindex="0"
    >
      <div
        aria-selected="true"
        id="select-apple"
        role="option"
        tabindex="-1"
      >
        Apple
      </div>
      <div
        id="select-applecusturd"
        role="option"
        tabindex="-1"
      >
        AppleCusturd
      </div>
      <div
        id="select-orange"
        role="option"
        tabindex="-1"
      >
        Orange
      </div>
      <div
        id="select-banana"
        role="option"
        tabindex="-1"
      >
        Banana
      </div>
    </div>
  </div>
</body>
`;
